// Jest Snapshot v1, https://goo.gl/fbAQLP

exports[`runs correctly 1`] = `
<div
  className="nowplaying-left-container"
/>
`;
