// Jest Snapshot v1, https://goo.gl/fbAQLP

exports[`runs correctly 1`] = `
<div
  className="nowplaying"
>
  <div
    className="nowplaying-padding"
  >
    <NowplayingLeft />
    <NowplayingCenter />
    <NowplayingRight />
  </div>
</div>
`;
