// Jest Snapshot v1, https://goo.gl/fbAQLP

exports[`runs correctly 1`] = `
<div
  className="navigation-button active"
>
  <SvgHomeActive
    className="icon icon-active"
  />
  <span
    className="text text-active"
  >
    test
  </span>
</div>
`;
