// Jest Snapshot v1, https://goo.gl/fbAQLP

exports[`runs correctly 1`] = `
<div
  className="playlist-menu"
>
  <div
    className="menu-title"
  >
    PLAYLISTS
  </div>
  <NavigationPlaylistMenuItem
    Icon={[Function]}
    text="Create a playlist"
  />
  <NavigationPlaylistMenuItem
    Icon={[Function]}
    gradient={true}
    text="Liked Songs"
  />
  <NavigationDivider />
</div>
`;
