// Jest Snapshot v1, https://goo.gl/fbAQLP

exports[`runs correctly 1`] = `
<div
  className="main"
>
  <div
    className="main-padding"
  >
    <Section
      data={Array []}
      title="Songs"
    />
  </div>
</div>
`;
