// Jest Snapshot v1, https://goo.gl/fbAQLP

exports[`runs correctly 1`] = `
<div
  className="playlist-list"
>
  <NavListItem
    text="playlist placeholder"
  />
  <NavListItem
    text="playlist placeholder"
  />
  <NavListItem
    text="playlist placeholder"
  />
</div>
`;
